AR controller behavioral_cont "C:/Users/marel/OneDrive - Swinburne University/Semester 1 - 2021/EEE20001 - Digital Electronics Design/Project/Project Final/Controller/Controller.vhd" sub00/vhpl01 1621558899
EN controller NULL "C:/Users/marel/OneDrive - Swinburne University/Semester 1 - 2021/EEE20001 - Digital Electronics Design/Project/Project Final/Controller/Controller.vhd" sub00/vhpl00 1621558898
