AR counter behavioral "C:/Users/marel/OneDrive - Swinburne University/Semester 1 - 2021/EEE20001 - Digital Electronics Design/Project/Project Final/Counter.vhdl" sub00/vhpl01 1622700738
EN counter NULL "C:/Users/marel/OneDrive - Swinburne University/Semester 1 - 2021/EEE20001 - Digital Electronics Design/Project/Project Final/Counter.vhdl" sub00/vhpl00 1622700737
AR controller behavioral_cont "C:/Users/marel/OneDrive - Swinburne University/Semester 1 - 2021/EEE20001 - Digital Electronics Design/Project/Project Final/Controller.vhdl" sub00/vhpl03 1622700740
AR trafficcontroller behavioral "C:/Users/marel/OneDrive - Swinburne University/Semester 1 - 2021/EEE20001 - Digital Electronics Design/Project/Project Final/TrafficController/TrafficController.vhd" sub00/vhpl05 1622700742
EN controller NULL "C:/Users/marel/OneDrive - Swinburne University/Semester 1 - 2021/EEE20001 - Digital Electronics Design/Project/Project Final/Controller.vhdl" sub00/vhpl02 1622700739
EN trafficcontroller NULL "C:/Users/marel/OneDrive - Swinburne University/Semester 1 - 2021/EEE20001 - Digital Electronics Design/Project/Project Final/TrafficController/TrafficController.vhd" sub00/vhpl04 1622700741
