AR counter behavioral "C:/Users/marel/OneDrive - Swinburne University/Semester 1 - 2021/EEE20001 - Digital Electronics Design/Project/Project Final/Counter/Counter.vhd" sub00/vhpl01 1621916242
EN counter NULL "C:/Users/marel/OneDrive - Swinburne University/Semester 1 - 2021/EEE20001 - Digital Electronics Design/Project/Project Final/Counter/Counter.vhd" sub00/vhpl00 1621916241
